// Jest Snapshot v1, https://goo.gl/fbAQLP

exports[`LFG Games aliases are unique across games 1`] = `
"Snapshot Diff:
Compared values have no visual difference."
`;
